// Jest Snapshot v1, https://goo.gl/fbAQLP

exports[
  `<MatchWithWhoMakesADiff /> should render the section with its different elements properly 1`
] = `
.c0 {
  max-width: calc(1170px + 44px);
  padding: 0 22px;
  margin: 0 auto;
}

.c1 {
  margin-top: 26rem;
  display: grid;
  grid-template-columns: repeat(2,1fr);
}

.c3 {
  padding-left: 3rem;
}

.c2 {
  -webkit-transform: translate(-10%,-20%);
  -ms-transform: translate(-10%,-20%);
  transform: translate(-10%,-20%);
}

.c4 {
  color: #152536;
  font-size: 5.2rem;
}

.c5 {
  line-height: 1.5;
  margin-top: 2.4rem;
  font-size: 2.1rem;
  color: #68717A;
  font-weight: 400;
}

.c6 {
  margin-top: 2rem;
  display: block;
  color: #BB4981;
  font-weight: 400;
  font-size: 1.6rem;
}

.c7 {
  font-weight: 700;
  color: #152536;
}

@media (max-width:809px) {
  .c1 {
    margin-top: 17rem;
    grid-template-columns: 1fr;
    row-gap: 2rem;
  }
}

@media (max-width:809px) {
  .c3 {
    padding-left: unset;
    display: -webkit-box;
    display: -webkit-flex;
    display: -ms-flexbox;
    display: flex;
    -webkit-flex-direction: column;
    -ms-flex-direction: column;
    flex-direction: column;
    -webkit-align-items: center;
    -webkit-box-align: center;
    -ms-flex-align: center;
    align-items: center;
  }
}

@media (max-width:809px) {
  .c2 {
    -webkit-transform: unset;
    -ms-transform: unset;
    transform: unset;
    display: -webkit-box;
    display: -webkit-flex;
    display: -ms-flexbox;
    display: flex;
    -webkit-box-pack: center;
    -webkit-justify-content: center;
    -ms-flex-pack: center;
    justify-content: center;
  }
}

@media (max-width:809px) {
  .c4 {
    text-align: center;
    font-size: 4.2rem;
  }
}

@media (max-width:809px) {
  .c5 {
    text-align: center;
    font-size: 1.8rem;
  }
}

@media (max-width:809px) {
  .c6 {
    text-align: center;
  }
}

<div
  class="c0"
>
  <section
    class="c1"
  >
    <div
      class="c2"
    >
      <span
        style="box-sizing: border-box; display: inline-block; overflow: hidden; background: none; opacity: 1; border: 0px; margin: 0px; padding: 0px; position: relative; max-width: 100%;"
      >
        <span
          style="box-sizing: border-box; display: block; background: none; opacity: 1; border: 0px; margin: 0px; padding: 0px; max-width: 100%;"
        >
          <img
            alt=""
            aria-hidden="true"
            src="data:image/svg+xml,%3csvg%20xmlns=%27http://www.w3.org/2000/svg%27%20version=%271.1%27%20width=%27547%27%20height=%27509%27/%3e"
            style="display: block; max-width: 100%; background: none; opacity: 1; border: 0px; margin: 0px; padding: 0px;"
          />
        </span>
        <img
          alt="Estudante sorridente olhando o celular"
          data-nimg="intrinsic"
          decoding="async"
          src="data:image/gif;base64,R0lGODlhAQABAIAAAAAAAP///yH5BAEAAAAALAAAAAABAAEAAAIBRAA7"
          style="position: absolute; top: 0px; left: 0px; bottom: 0px; right: 0px; box-sizing: border-box; padding: 0px; margin: auto; display: block; width: 0px; height: 0px; min-width: 100%; max-width: 100%; min-height: 100%; max-height: 100%;"
        />
        <noscript />
      </span>
    </div>
    <div
      class="c3"
    >
      <h2
        class="c4"
      >
        Combine com quem faz a diferença!
      </h2>
      <p
        class="c5"
      >
        Através da nossa plataforma é possível encontrar empresas que estão dispostas a patrocinar os estudos da população trans, travesti e não binária em diversas áreas do conhecimento.
      </p>
      <p>
        <span
          class="c6"
        >
          Nada de letrinha pequena...
        </span>
        <span
          class="c7"
        >
          Escolheu, combinou, estudou!
        </span>
      </p>
    </div>
  </section>
</div>
`
